###############################################################################
#
# IAR ELF Linker V8.40.1.212/W32 for ARM                  27/Dec/2019  20:15:39
# Copyright 2007-2019 IAR Systems AB.
#
#    Output file  =
#        D:\College\Semester 7\Microcontrollers and
#        Interfacing\Project\auto_street_light\Debug\Exe\auto_light.out
#    Map file     =
#        D:\College\Semester 7\Microcontrollers and
#        Interfacing\Project\auto_street_light\Debug\List\auto_light.map
#    Command line =
#        -f C:\Users\ANDREW~1\AppData\Local\Temp\EWB006.tmp
#        ("D:\College\Semester 7\Microcontrollers and
#        Interfacing\Project\auto_street_light\Debug\Obj\lib.o"
#        "D:\College\Semester 7\Microcontrollers and
#        Interfacing\Project\auto_street_light\Debug\Obj\main.o"
#        --no_out_extension -o "D:\College\Semester 7\Microcontrollers and
#        Interfacing\Project\auto_street_light\Debug\Exe\auto_light.out"
#        --redirect _Printf=_PrintfFullNoMb --redirect _Scanf=_ScanfFullNoMb
#        --map "D:\College\Semester 7\Microcontrollers and
#        Interfacing\Project\auto_street_light\Debug\List\auto_light.map"
#        --config "C:\Program Files (x86)\IAR Systems\Embedded Workbench
#        8.3\arm\config\linker\TexasInstruments\TM4C123GH6.icf" --semihosting
#        --entry __iar_program_start --vfe --text_out locale)
#
###############################################################################

*******************************************************************************
*** RUNTIME MODEL ATTRIBUTES
***

CppFlavor       = *
__SystemLibrary = DLib
__dlib_version  = 6


*******************************************************************************
*** HEAP SELECTION
***

The basic heap was selected because some modules are built with
size limitations (and not runtime checking), and --advanced_heap
was not specified.


*******************************************************************************
*** PLACEMENT SUMMARY
***

"A0":  place at address 0x0 { ro section .intvec };
"P1":  place in [from 0x0 to 0x3'ffff] { ro };
define block CSTACK with size = 4K, alignment = 8 { };
define block HEAP with size = 8K, alignment = 8 { };
"P2":  place in [from 0x2000'0000 to 0x2000'7fff] {
          rw, block CSTACK, block HEAP };

No sections matched the following patterns:

  rw  in "P2"


  Section   Kind         Address    Size  Object
  -------   ----         -------    ----  ------
"A0":                               0x40
  .intvec   ro code          0x0    0x40  vector_table_M.o [4]
                          - 0x40    0x40

"P1":                              0x388
  .text     ro code         0x40   0x2f0  lib.o [1]
  .text     ro code        0x330    0x22  fpinit_M.o [3]
  .text     ro code        0x352    0x20  main.o [1]
  .text     ro code        0x372     0x2  vector_table_M.o [4]
  .text     ro code        0x374    0x1e  cmain.o [4]
  .text     ro code        0x392     0x4  low_level_init.o [2]
  .text     ro code        0x396     0x4  exit.o [2]
  .text     ro code        0x39c     0xa  cexit.o [4]
  .text     ro code        0x3a8    0x14  exit.o [5]
  .text     ro code        0x3bc     0xc  cstartup_M.o [4]
                         - 0x3c8   0x388

"P2":                             0x1000
  CSTACK             0x2000'0000  0x1000  <Block>
    CSTACK  uninit   0x2000'0000  0x1000  <Block tail>
                   - 0x2000'1000  0x1000

Unused ranges:

         From           To      Size
         ----           --      ----
        0x3c8     0x3'ffff  0x3'fc38
  0x2000'1000  0x2000'7fff    0x7000



*******************************************************************************
*** MODULE SUMMARY
***

    Module            ro code  rw data
    ------            -------  -------
command line/config:
    ----------------------------------
    Total:

D:\College\Semester 7\Microcontrollers and Interfacing\Project\auto_street_light\Debug\Obj: [1]
    lib.o                 752
    main.o                 32
    ----------------------------------
    Total:                784

dl7M_tln.a: [2]
    exit.o                  4
    low_level_init.o        4
    ----------------------------------
    Total:                  8

m7M_tls.a: [3]
    fpinit_M.o             34
    ----------------------------------
    Total:                 34

rt7M_tl.a: [4]
    cexit.o                10
    cmain.o                30
    cstartup_M.o           12
    vector_table_M.o       66
    ----------------------------------
    Total:                118

shb_l.a: [5]
    exit.o                 20
    ----------------------------------
    Total:                 20

    Gaps                    4
    Linker created               4'096
--------------------------------------
    Grand Total:          968    4'096


*******************************************************************************
*** ENTRY LIST
***

Entry                     Address  Size  Type      Object
-----                     -------  ----  ----      ------
?main                       0x375        Code  Gb  cmain.o [4]
CSTACK$$Base          0x2000'0000         --   Gb  - Linker created -
CSTACK$$Limit         0x2000'1000         --   Gb  - Linker created -
Check_Move                  0x123  0x44  Code  Gb  lib.o [1]
GPTM_D_ONESHOT               0xe9  0x3a  Code  Gb  lib.o [1]
LCD_START                   0x1a5  0x5a  Code  Gb  lib.o [1]
LCD_command                 0x169  0x3c  Code  Gb  lib.o [1]
LCD_data                    0x201  0x28  Code  Gb  lib.o [1]
PORT_INIT                    0x41  0xa8  Code  Gb  lib.o [1]
Region$$Table$$Base           0x0         --   Gb  - Linker created -
Region$$Table$$Limit          0x0         --   Gb  - Linker created -
Set_Delay                   0x229  0x48  Code  Gb  lib.o [1]
__cmain                     0x375        Code  Gb  cmain.o [4]
__exit                      0x3a9  0x14  Code  Gb  exit.o [5]
__iar_init_vfp              0x331        Code  Gb  fpinit_M.o [3]
__iar_program_start         0x3bd        Code  Gb  cstartup_M.o [4]
__low_level_init            0x393   0x4  Code  Gb  low_level_init.o [2]
__vector_table                0x0        Data  Gb  vector_table_M.o [4]
_call_main                  0x381        Code  Gb  cmain.o [4]
_exit                       0x39d        Code  Gb  cexit.o [4]
_main                       0x38f        Code  Gb  cmain.o [4]
exit                        0x397   0x4  Code  Gb  exit.o [2]
main                        0x353  0x20  Code  Gb  main.o [1]
timer                       0x271  0x32  Code  Gb  lib.o [1]


[1] = D:\College\Semester 7\Microcontrollers and Interfacing\Project\auto_street_light\Debug\Obj
[2] = dl7M_tln.a
[3] = m7M_tls.a
[4] = rt7M_tl.a
[5] = shb_l.a

    968 bytes of readonly  code memory
  4'096 bytes of readwrite data memory

Errors: none
Warnings: none
